../Core/Src/main.c:62:6:HAL_TIM_PWM_PulseFinishedCallback	16	static
../Core/Src/main.c:78:6:HAL_TIM_PeriodElapsedCallback	16	static
../Core/Src/main.c:94:6:init_call_mass	16	static
../Core/Src/main.c:101:6:call	16	static
../Core/Src/main.c:113:6:old_programm	8	static
../Core/Src/main.c:155:5:main	8	static
../Core/Src/main.c:237:6:SystemClock_Config	72	static
../Core/Src/main.c:276:13:MX_TIM1_Init	96	static
../Core/Src/main.c:351:13:MX_TIM2_Init	32	static
../Core/Src/main.c:396:13:MX_GPIO_Init	16	static
../Core/Src/main.c:417:6:Error_Handler	4	static,ignoring_inline_asm
